2026-05-26 14:44:18,592 [INFO] [aegis_boss-damage] -> ================================================================================
2026-05-26 14:44:18,592 [INFO] [aegis_boss-damage] -> 🚀 Initializing Data Extraction Pipeline Engine: [aegis_boss-damage]
2026-05-26 14:44:18,592 [INFO] [aegis_boss-damage] -> ================================================================================
  2026-05-26 14:44:18,592 [INFO] [aegis_boss-damage] -> 🔄 Output data asset missing at 'spreadsheets_scraped_data/aegis_boss-damage_spreadsheet_data_scraped.json'. Forcing scrape routine override.
  2026-05-26 14:44:18,595 [INFO] [aegis_boss-damage] -> 🔎 Isolated sheet historical modification date stamp: 2026-03-12
  2026-05-26 14:44:18,596 [INFO] [aegis_boss-damage] -> ⚙️ Compiling records loop matrix from target asset: workbooks_downloaded/aegis_boss-damage_equipment_(wip).csv
  2026-05-26 14:44:18,602 [INFO] [aegis_boss-damage] -> 🎉 Successfully compiled boss damage down to cache: spreadsheets_scraped_data/aegis_boss-damage_spreadsheet_data_scraped.json
  2026-05-26 14:44:18,603 [INFO] [aegis_boss-damage] -> ✅ Registry synchronization update flags reset to False for elements: ['Changelog', 'Equipment (WIP)']
2026-05-26 16:34:05,202 [INFO] [aegis_boss-damage] -> ================================================================================
2026-05-26 16:34:05,202 [INFO] [aegis_boss-damage] -> 🚀 Initializing Data Extraction Pipeline Engine: [aegis_boss-damage]
2026-05-26 16:34:05,202 [INFO] [aegis_boss-damage] -> ================================================================================
  2026-05-26 16:34:05,205 [INFO] [aegis_boss-damage] -> 🔎 Isolated sheet historical modification date stamp: 2026-03-12
  2026-05-26 16:34:05,206 [INFO] [aegis_boss-damage] -> ⚙️ Compiling records loop matrix from target asset: workbooks_downloaded/aegis_boss-damage_equipment_(wip).csv
  2026-05-26 16:34:05,211 [INFO] [aegis_boss-damage] -> 🎉 Successfully compiled boss damage down to cache: spreadsheets_scraped_data/aegis_boss-damage_spreadsheet_data_scraped.json
  2026-05-26 16:34:05,212 [INFO] [aegis_boss-damage] -> ✅ Registry synchronization update flags reset to False for elements: ['Changelog', 'Equipment (WIP)']
2026-05-26 18:19:06,322 [INFO] [aegis_boss-damage] -> ================================================================================
2026-05-26 18:19:06,322 [INFO] [aegis_boss-damage] -> 🚀 Initializing Data Extraction Pipeline Engine: [aegis_boss-damage]
2026-05-26 18:19:06,322 [INFO] [aegis_boss-damage] -> ================================================================================
  2026-05-26 18:19:06,322 [INFO] [aegis_boss-damage] -> 🟩 Associated boss damage data elements match local registers perfectly. Compilation skipped.
2026-05-26 18:25:06,464 [INFO] [aegis_boss-damage] -> ================================================================================
2026-05-26 18:25:06,465 [INFO] [aegis_boss-damage] -> 🚀 Initializing Data Extraction Pipeline Engine: [aegis_boss-damage]
2026-05-26 18:25:06,465 [INFO] [aegis_boss-damage] -> ================================================================================
  2026-05-26 18:25:06,468 [INFO] [aegis_boss-damage] -> 🔎 Isolated sheet historical modification date stamp: 2026-03-12
  2026-05-26 18:25:06,469 [INFO] [aegis_boss-damage] -> ⚙️ Compiling records loop matrix from target asset: workbooks_downloaded/aegis_boss-damage_equipment_(wip).csv
  2026-05-26 18:25:06,475 [INFO] [aegis_boss-damage] -> 🎉 Successfully compiled boss damage down to cache: spreadsheets_scraped_data/aegis_boss-damage_spreadsheet_data_scraped.json
  2026-05-26 18:25:06,476 [INFO] [aegis_boss-damage] -> ✅ Registry synchronization update flags reset to False for elements: ['Changelog', 'Equipment (WIP)']
2026-05-27 02:39:08,204 [INFO] [aegis_boss-damage] -> ================================================================================
2026-05-27 02:39:08,204 [INFO] [aegis_boss-damage] -> 🚀 Initializing Data Extraction Pipeline Engine: [aegis_boss-damage]
2026-05-27 02:39:08,204 [INFO] [aegis_boss-damage] -> ================================================================================
  2026-05-27 02:39:08,205 [INFO] [aegis_boss-damage] -> 🟩 Associated boss damage data elements match local registers perfectly. Compilation skipped.
2026-05-27 11:31:23,147 [INFO] [aegis_boss-damage] -> ================================================================================
2026-05-27 11:31:23,147 [INFO] [aegis_boss-damage] -> 🚀 Initializing Data Extraction Pipeline Engine: [aegis_boss-damage]
2026-05-27 11:31:23,147 [INFO] [aegis_boss-damage] -> ================================================================================
  2026-05-27 11:31:23,147 [INFO] [aegis_boss-damage] -> 🟩 Associated boss damage data elements match local registers perfectly. Compilation skipped.
2026-05-27 18:21:03,548 [INFO] [aegis_boss-damage] -> ================================================================================
2026-05-27 18:21:03,549 [INFO] [aegis_boss-damage] -> 🚀 Initializing Data Extraction Pipeline Engine: [aegis_boss-damage]
2026-05-27 18:21:03,549 [INFO] [aegis_boss-damage] -> ================================================================================
  2026-05-27 18:21:03,549 [INFO] [aegis_boss-damage] -> 🟩 Associated boss damage data elements match local registers perfectly. Compilation skipped.
2026-05-27 20:48:09,454 [INFO] [aegis_boss-damage] -> ================================================================================
2026-05-27 20:48:09,454 [INFO] [aegis_boss-damage] -> 🚀 Initializing Data Extraction Pipeline Engine: [aegis_boss-damage]
2026-05-27 20:48:09,454 [INFO] [aegis_boss-damage] -> ================================================================================
  2026-05-27 20:48:09,454 [INFO] [aegis_boss-damage] -> 🟩 Associated boss damage data elements match local registers perfectly. Compilation skipped.
2026-05-27 21:19:43,955 [INFO] [aegis_boss-damage] -> ================================================================================
2026-05-27 21:19:43,956 [INFO] [aegis_boss-damage] -> 🚀 Initializing Data Extraction Pipeline Engine: [aegis_boss-damage]
2026-05-27 21:19:43,956 [INFO] [aegis_boss-damage] -> ================================================================================
  2026-05-27 21:19:43,956 [INFO] [aegis_boss-damage] -> 🟩 Associated boss damage data elements match local registers perfectly. Compilation skipped.
2026-05-27 21:25:47,566 [INFO] [aegis_boss-damage] -> ================================================================================
2026-05-27 21:25:47,566 [INFO] [aegis_boss-damage] -> 🚀 Initializing Data Extraction Pipeline Engine: [aegis_boss-damage]
2026-05-27 21:25:47,566 [INFO] [aegis_boss-damage] -> ================================================================================
  2026-05-27 21:25:47,566 [INFO] [aegis_boss-damage] -> 🟩 Associated boss damage data elements match local registers perfectly. Compilation skipped.
