2026-08-13 09:05:24,453 [INFO] [aegis_endgame] -> ================================================================================
2026-08-13 09:05:24,453 [INFO] [aegis_endgame] -> 🚀 Initializing Data Extraction Pipeline Engine: [aegis_endgame]
2026-08-13 09:05:24,454 [INFO] [aegis_endgame] -> ================================================================================
  2026-08-13 09:05:24,456 [INFO] [aegis_endgame] -> ⚙️ Mapping sheet layout structure: 'Shopping List' from workbooks_downloaded/aegis_endgame_shopping_list.csv
  2026-08-13 09:05:24,457 [INFO] [aegis_endgame] -> ⚙️ Mapping sheet layout structure: 'Autos' from workbooks_downloaded/aegis_endgame_autos.csv
  2026-08-13 09:05:24,459 [INFO] [aegis_endgame] -> ⚙️ Mapping sheet layout structure: 'Bows' from workbooks_downloaded/aegis_endgame_bows.csv
  2026-08-13 09:05:24,459 [INFO] [aegis_endgame] -> ⚙️ Mapping sheet layout structure: 'HCs' from workbooks_downloaded/aegis_endgame_hcs.csv
  2026-08-13 09:05:24,461 [INFO] [aegis_endgame] -> ⚙️ Mapping sheet layout structure: 'Pulses' from workbooks_downloaded/aegis_endgame_pulses.csv
  2026-08-13 09:05:24,462 [INFO] [aegis_endgame] -> ⚙️ Mapping sheet layout structure: 'Scouts' from workbooks_downloaded/aegis_endgame_scouts.csv
  2026-08-13 09:05:24,463 [INFO] [aegis_endgame] -> ⚙️ Mapping sheet layout structure: 'Sidearms' from workbooks_downloaded/aegis_endgame_sidearms.csv
  2026-08-13 09:05:24,464 [INFO] [aegis_endgame] -> ⚙️ Mapping sheet layout structure: 'SMGs' from workbooks_downloaded/aegis_endgame_smgs.csv
  2026-08-13 09:05:24,465 [INFO] [aegis_endgame] -> ⚙️ Mapping sheet layout structure: 'BGLs' from workbooks_downloaded/aegis_endgame_bgls.csv
  2026-08-13 09:05:24,466 [INFO] [aegis_endgame] -> ⚙️ Mapping sheet layout structure: 'Fusions' from workbooks_downloaded/aegis_endgame_fusions.csv
  2026-08-13 09:05:24,467 [INFO] [aegis_endgame] -> ⚙️ Mapping sheet layout structure: 'Glaives' from workbooks_downloaded/aegis_endgame_glaives.csv
  2026-08-13 09:05:24,468 [INFO] [aegis_endgame] -> ⚙️ Mapping sheet layout structure: 'Shotguns' from workbooks_downloaded/aegis_endgame_shotguns.csv
  2026-08-13 09:05:24,469 [INFO] [aegis_endgame] -> ⚙️ Mapping sheet layout structure: 'Snipers' from workbooks_downloaded/aegis_endgame_snipers.csv
  2026-08-13 09:05:24,470 [INFO] [aegis_endgame] -> ⚙️ Mapping sheet layout structure: 'Rocket Sidearms' from workbooks_downloaded/aegis_endgame_rocket_sidearms.csv
  2026-08-13 09:05:24,470 [INFO] [aegis_endgame] -> ⚙️ Mapping sheet layout structure: 'Traces' from workbooks_downloaded/aegis_endgame_traces.csv
  2026-08-13 09:05:24,471 [INFO] [aegis_endgame] -> ⚙️ Mapping sheet layout structure: 'HGLs' from workbooks_downloaded/aegis_endgame_hgls.csv
  2026-08-13 09:05:24,471 [INFO] [aegis_endgame] -> ⚙️ Mapping sheet layout structure: 'LFRs' from workbooks_downloaded/aegis_endgame_lfrs.csv
  2026-08-13 09:05:24,472 [INFO] [aegis_endgame] -> ⚙️ Mapping sheet layout structure: 'LMGs' from workbooks_downloaded/aegis_endgame_lmgs.csv
  2026-08-13 09:05:24,473 [INFO] [aegis_endgame] -> ⚙️ Mapping sheet layout structure: 'Rockets' from workbooks_downloaded/aegis_endgame_rockets.csv
  2026-08-13 09:05:24,473 [INFO] [aegis_endgame] -> ⚙️ Mapping sheet layout structure: 'Swords' from workbooks_downloaded/aegis_endgame_swords.csv
  2026-08-13 09:05:24,474 [INFO] [aegis_endgame] -> ⚙️ Mapping sheet layout structure: 'Other' from workbooks_downloaded/aegis_endgame_other.csv
  2026-08-13 09:05:24,475 [INFO] [aegis_endgame] -> ⚙️ Mapping sheet layout structure: 'Exotic Weapons' from workbooks_downloaded/aegis_endgame_exotic_weapons.xlsx
  2026-08-13 09:05:24,696 [INFO] [aegis_endgame] -> ⚙️ Mapping sheet layout structure: 'Exotic Armor (ignore)' from workbooks_downloaded/aegis_endgame_exotic_armor_(ignore).csv
  2026-08-13 09:05:24,744 [INFO] [aegis_endgame] -> 🎉 Successfully compiled endgame down to cache: spreadsheets_scraped_data/aegis_endgame_spreadsheet_data_scraped.json
  2026-08-13 09:05:24,745 [INFO] [aegis_endgame] -> ✅ Registry synchronization update flags reset to False for elements: ['Status', 'Changelog', 'Shopping List', 'Autos', 'Bows', 'HCs', 'Pulses', 'Scouts', 'Sidearms', 'SMGs', 'BGLs', 'Fusions', 'Glaives', 'Shotguns', 'Snipers', 'Rocket Sidearms', 'Traces', 'HGLs', 'LFRs', 'LMGs', 'Rockets', 'Swords', 'Other', 'Exotic Weapons', 'Exotic Armor (ignore)']
2026-08-13 16:46:33,509 [INFO] [aegis_endgame] -> ================================================================================
2026-08-13 16:46:33,509 [INFO] [aegis_endgame] -> 🚀 Initializing Data Extraction Pipeline Engine: [aegis_endgame]
2026-08-13 16:46:33,509 [INFO] [aegis_endgame] -> ================================================================================
  2026-08-13 16:46:33,511 [INFO] [aegis_endgame] -> 🟩 All endgame workbook profiles match local registry maps. Scraping skipped.
2026-08-14 01:11:39,229 [INFO] [aegis_endgame] -> ================================================================================
2026-08-14 01:11:39,229 [INFO] [aegis_endgame] -> 🚀 Initializing Data Extraction Pipeline Engine: [aegis_endgame]
2026-08-14 01:11:39,229 [INFO] [aegis_endgame] -> ================================================================================
  2026-08-14 01:11:39,231 [INFO] [aegis_endgame] -> 🟩 All endgame workbook profiles match local registry maps. Scraping skipped.
2026-08-14 08:59:33,146 [INFO] [aegis_endgame] -> ================================================================================
2026-08-14 08:59:33,146 [INFO] [aegis_endgame] -> 🚀 Initializing Data Extraction Pipeline Engine: [aegis_endgame]
2026-08-14 08:59:33,146 [INFO] [aegis_endgame] -> ================================================================================
  2026-08-14 08:59:33,148 [INFO] [aegis_endgame] -> 🟩 All endgame workbook profiles match local registry maps. Scraping skipped.
2026-08-14 16:41:38,684 [INFO] [aegis_endgame] -> ================================================================================
2026-08-14 16:41:38,684 [INFO] [aegis_endgame] -> 🚀 Initializing Data Extraction Pipeline Engine: [aegis_endgame]
2026-08-14 16:41:38,684 [INFO] [aegis_endgame] -> ================================================================================
  2026-08-14 16:41:38,685 [INFO] [aegis_endgame] -> 🟩 All endgame workbook profiles match local registry maps. Scraping skipped.
2026-08-15 00:43:59,387 [INFO] [aegis_endgame] -> ================================================================================
2026-08-15 00:43:59,387 [INFO] [aegis_endgame] -> 🚀 Initializing Data Extraction Pipeline Engine: [aegis_endgame]
2026-08-15 00:43:59,387 [INFO] [aegis_endgame] -> ================================================================================
  2026-08-15 00:43:59,389 [INFO] [aegis_endgame] -> 🟩 All endgame workbook profiles match local registry maps. Scraping skipped.
2026-08-15 08:16:44,961 [INFO] [aegis_endgame] -> ================================================================================
2026-08-15 08:16:44,961 [INFO] [aegis_endgame] -> 🚀 Initializing Data Extraction Pipeline Engine: [aegis_endgame]
2026-08-15 08:16:44,961 [INFO] [aegis_endgame] -> ================================================================================
  2026-08-15 08:16:44,963 [INFO] [aegis_endgame] -> 🟩 All endgame workbook profiles match local registry maps. Scraping skipped.
2026-08-15 16:13:55,499 [INFO] [aegis_endgame] -> ================================================================================
2026-08-15 16:13:55,499 [INFO] [aegis_endgame] -> 🚀 Initializing Data Extraction Pipeline Engine: [aegis_endgame]
2026-08-15 16:13:55,499 [INFO] [aegis_endgame] -> ================================================================================
  2026-08-15 16:13:55,500 [INFO] [aegis_endgame] -> 🟩 All endgame workbook profiles match local registry maps. Scraping skipped.
2026-08-16 00:46:35,958 [INFO] [aegis_endgame] -> ================================================================================
2026-08-16 00:46:35,958 [INFO] [aegis_endgame] -> 🚀 Initializing Data Extraction Pipeline Engine: [aegis_endgame]
2026-08-16 00:46:35,958 [INFO] [aegis_endgame] -> ================================================================================
  2026-08-16 00:46:35,960 [INFO] [aegis_endgame] -> 🟩 All endgame workbook profiles match local registry maps. Scraping skipped.
2026-08-16 08:18:31,498 [INFO] [aegis_endgame] -> ================================================================================
2026-08-16 08:18:31,498 [INFO] [aegis_endgame] -> 🚀 Initializing Data Extraction Pipeline Engine: [aegis_endgame]
2026-08-16 08:18:31,498 [INFO] [aegis_endgame] -> ================================================================================
  2026-08-16 08:18:31,500 [INFO] [aegis_endgame] -> 🟩 All endgame workbook profiles match local registry maps. Scraping skipped.
2026-08-16 16:14:08,584 [INFO] [aegis_endgame] -> ================================================================================
2026-08-16 16:14:08,584 [INFO] [aegis_endgame] -> 🚀 Initializing Data Extraction Pipeline Engine: [aegis_endgame]
2026-08-16 16:14:08,584 [INFO] [aegis_endgame] -> ================================================================================
  2026-08-16 16:14:08,586 [INFO] [aegis_endgame] -> 🟩 All endgame workbook profiles match local registry maps. Scraping skipped.
2026-08-17 00:43:45,348 [INFO] [aegis_endgame] -> ================================================================================
2026-08-17 00:43:45,348 [INFO] [aegis_endgame] -> 🚀 Initializing Data Extraction Pipeline Engine: [aegis_endgame]
2026-08-17 00:43:45,348 [INFO] [aegis_endgame] -> ================================================================================
  2026-08-17 00:43:45,350 [INFO] [aegis_endgame] -> 🟩 All endgame workbook profiles match local registry maps. Scraping skipped.
2026-08-17 08:33:02,480 [INFO] [aegis_endgame] -> ================================================================================
2026-08-17 08:33:02,480 [INFO] [aegis_endgame] -> 🚀 Initializing Data Extraction Pipeline Engine: [aegis_endgame]
2026-08-17 08:33:02,480 [INFO] [aegis_endgame] -> ================================================================================
  2026-08-17 08:33:02,481 [INFO] [aegis_endgame] -> 🟩 All endgame workbook profiles match local registry maps. Scraping skipped.
2026-08-17 16:17:00,874 [INFO] [aegis_endgame] -> ================================================================================
2026-08-17 16:17:00,875 [INFO] [aegis_endgame] -> 🚀 Initializing Data Extraction Pipeline Engine: [aegis_endgame]
2026-08-17 16:17:00,875 [INFO] [aegis_endgame] -> ================================================================================
  2026-08-17 16:17:00,876 [INFO] [aegis_endgame] -> 🟩 All endgame workbook profiles match local registry maps. Scraping skipped.
2026-08-18 00:43:10,039 [INFO] [aegis_endgame] -> ================================================================================
2026-08-18 00:43:10,040 [INFO] [aegis_endgame] -> 🚀 Initializing Data Extraction Pipeline Engine: [aegis_endgame]
2026-08-18 00:43:10,040 [INFO] [aegis_endgame] -> ================================================================================
  2026-08-18 00:43:10,059 [INFO] [aegis_endgame] -> ⚙️ Mapping sheet layout structure: 'Shopping List' from workbooks_downloaded/aegis_endgame_shopping_list.csv
  2026-08-18 00:43:10,060 [INFO] [aegis_endgame] -> ⚙️ Mapping sheet layout structure: 'Autos' from workbooks_downloaded/aegis_endgame_autos.csv
  2026-08-18 00:43:10,061 [INFO] [aegis_endgame] -> ⚙️ Mapping sheet layout structure: 'Bows' from workbooks_downloaded/aegis_endgame_bows.csv
  2026-08-18 00:43:10,062 [INFO] [aegis_endgame] -> ⚙️ Mapping sheet layout structure: 'HCs' from workbooks_downloaded/aegis_endgame_hcs.csv
  2026-08-18 00:43:10,064 [INFO] [aegis_endgame] -> ⚙️ Mapping sheet layout structure: 'Pulses' from workbooks_downloaded/aegis_endgame_pulses.csv
  2026-08-18 00:43:10,065 [INFO] [aegis_endgame] -> ⚙️ Mapping sheet layout structure: 'Scouts' from workbooks_downloaded/aegis_endgame_scouts.csv
  2026-08-18 00:43:10,066 [INFO] [aegis_endgame] -> ⚙️ Mapping sheet layout structure: 'Sidearms' from workbooks_downloaded/aegis_endgame_sidearms.csv
  2026-08-18 00:43:10,067 [INFO] [aegis_endgame] -> ⚙️ Mapping sheet layout structure: 'SMGs' from workbooks_downloaded/aegis_endgame_smgs.csv
  2026-08-18 00:43:10,069 [INFO] [aegis_endgame] -> ⚙️ Mapping sheet layout structure: 'BGLs' from workbooks_downloaded/aegis_endgame_bgls.csv
  2026-08-18 00:43:10,069 [INFO] [aegis_endgame] -> ⚙️ Mapping sheet layout structure: 'Fusions' from workbooks_downloaded/aegis_endgame_fusions.csv
  2026-08-18 00:43:10,070 [INFO] [aegis_endgame] -> ⚙️ Mapping sheet layout structure: 'Glaives' from workbooks_downloaded/aegis_endgame_glaives.csv
  2026-08-18 00:43:10,071 [INFO] [aegis_endgame] -> ⚙️ Mapping sheet layout structure: 'Shotguns' from workbooks_downloaded/aegis_endgame_shotguns.csv
  2026-08-18 00:43:10,072 [INFO] [aegis_endgame] -> ⚙️ Mapping sheet layout structure: 'Snipers' from workbooks_downloaded/aegis_endgame_snipers.csv
  2026-08-18 00:43:10,073 [INFO] [aegis_endgame] -> ⚙️ Mapping sheet layout structure: 'Rocket Sidearms' from workbooks_downloaded/aegis_endgame_rocket_sidearms.csv
  2026-08-18 00:43:10,074 [INFO] [aegis_endgame] -> ⚙️ Mapping sheet layout structure: 'Traces' from workbooks_downloaded/aegis_endgame_traces.csv
  2026-08-18 00:43:10,074 [INFO] [aegis_endgame] -> ⚙️ Mapping sheet layout structure: 'HGLs' from workbooks_downloaded/aegis_endgame_hgls.csv
  2026-08-18 00:43:10,075 [INFO] [aegis_endgame] -> ⚙️ Mapping sheet layout structure: 'LFRs' from workbooks_downloaded/aegis_endgame_lfrs.csv
  2026-08-18 00:43:10,076 [INFO] [aegis_endgame] -> ⚙️ Mapping sheet layout structure: 'LMGs' from workbooks_downloaded/aegis_endgame_lmgs.csv
  2026-08-18 00:43:10,077 [INFO] [aegis_endgame] -> ⚙️ Mapping sheet layout structure: 'Rockets' from workbooks_downloaded/aegis_endgame_rockets.csv
  2026-08-18 00:43:10,077 [INFO] [aegis_endgame] -> ⚙️ Mapping sheet layout structure: 'Swords' from workbooks_downloaded/aegis_endgame_swords.csv
  2026-08-18 00:43:10,078 [INFO] [aegis_endgame] -> ⚙️ Mapping sheet layout structure: 'Other' from workbooks_downloaded/aegis_endgame_other.csv
  2026-08-18 00:43:10,079 [INFO] [aegis_endgame] -> ⚙️ Mapping sheet layout structure: 'Exotic Weapons' from workbooks_downloaded/aegis_endgame_exotic_weapons.xlsx
  2026-08-18 00:43:10,288 [INFO] [aegis_endgame] -> ⚙️ Mapping sheet layout structure: 'Exotic Armor (ignore)' from workbooks_downloaded/aegis_endgame_exotic_armor_(ignore).csv
  2026-08-18 00:43:10,343 [INFO] [aegis_endgame] -> 🎉 Successfully compiled endgame down to cache: spreadsheets_scraped_data/aegis_endgame_spreadsheet_data_scraped.json
  2026-08-18 00:43:10,344 [INFO] [aegis_endgame] -> ✅ Registry synchronization update flags reset to False for elements: ['Status', 'Changelog', 'Shopping List', 'Autos', 'Bows', 'HCs', 'Pulses', 'Scouts', 'Sidearms', 'SMGs', 'BGLs', 'Fusions', 'Glaives', 'Shotguns', 'Snipers', 'Rocket Sidearms', 'Traces', 'HGLs', 'LFRs', 'LMGs', 'Rockets', 'Swords', 'Other', 'Exotic Weapons', 'Exotic Armor (ignore)']
