2026-05-26 14:44:19,056 [INFO] -> ================================================================================
2026-05-26 14:44:19,056 [INFO] -> 🚀 Launching Isolated DIM Wishlist Text Generation Pipeline...
2026-05-26 14:44:19,056 [INFO] -> ================================================================================
  2026-05-26 14:44:19,103 [INFO] -> Processing 'aegis_speedrunner_spreadsheet_data_scraped.json' (Reason: wishlist_update_required is set to true)...
    2026-05-26 14:44:19,105 [INFO] -> Parsing nested ledger tab: 'Weapons'
  2026-05-26 14:44:19,155 [INFO] -> Processing 'aegis_endgame_spreadsheet_data_scraped.json' (Reason: wishlist_update_required is set to true)...
    2026-05-26 14:44:19,168 [INFO] -> Parsing nested ledger tab: 'Shopping List'
    2026-05-26 14:44:19,193 [INFO] -> Parsing nested ledger tab: 'Autos'
    2026-05-26 14:44:19,251 [INFO] -> Parsing nested ledger tab: 'Bows'
    2026-05-26 14:44:19,271 [INFO] -> Parsing nested ledger tab: 'HCs'
    2026-05-26 14:44:19,322 [INFO] -> Parsing nested ledger tab: 'Pulses'
    2026-05-26 14:44:19,373 [INFO] -> Parsing nested ledger tab: 'Scouts'
    2026-05-26 14:44:19,423 [INFO] -> Parsing nested ledger tab: 'Sidearms'
    2026-05-26 14:44:19,469 [INFO] -> Parsing nested ledger tab: 'SMGs'
    2026-05-26 14:44:19,520 [INFO] -> Parsing nested ledger tab: 'BGLs'
    2026-05-26 14:44:19,542 [INFO] -> Parsing nested ledger tab: 'Fusions'
    2026-05-26 14:44:19,581 [INFO] -> Parsing nested ledger tab: 'Glaives'
    2026-05-26 14:44:19,601 [INFO] -> Parsing nested ledger tab: 'Shotguns'
    2026-05-26 14:44:19,633 [INFO] -> Parsing nested ledger tab: 'Snipers'
    2026-05-26 14:44:19,660 [INFO] -> Parsing nested ledger tab: 'Rocket Sidearms'
    2026-05-26 14:44:19,672 [INFO] -> Parsing nested ledger tab: 'Traces'
    2026-05-26 14:44:19,685 [INFO] -> Parsing nested ledger tab: 'HGLs'
    2026-05-26 14:44:19,704 [INFO] -> Parsing nested ledger tab: 'LFRs'
    2026-05-26 14:44:19,718 [INFO] -> Parsing nested ledger tab: 'LMGs'
    2026-05-26 14:44:19,751 [INFO] -> Parsing nested ledger tab: 'Rockets'
    2026-05-26 14:44:19,773 [INFO] -> Parsing nested ledger tab: 'Swords'
    2026-05-26 14:44:19,802 [INFO] -> Parsing nested ledger tab: 'Other'
    2026-05-26 14:44:19,816 [INFO] -> Parsing nested ledger tab: 'Exotic Weapons'
    2026-05-26 14:44:19,840 [INFO] -> Parsing nested ledger tab: 'Exotic Armor (ignore)'
  2026-05-26 14:44:19,866 [INFO] -> Processing 'aegis_boss-damage_spreadsheet_data_scraped.json' (Reason: wishlist_update_required is set to true)...
    2026-05-26 14:44:19,868 [INFO] -> Parsing nested ledger tab: 'Equipment (WIP)'
2026-05-26 16:34:05,666 [INFO] -> ================================================================================
2026-05-26 16:34:05,666 [INFO] -> 🚀 Launching Isolated DIM Wishlist Text Generation Pipeline...
2026-05-26 16:34:05,667 [INFO] -> ================================================================================
  2026-05-26 16:34:05,706 [INFO] -> Processing 'aegis_speedrunner_spreadsheet_data_scraped.json' (Reason: wishlist_update_required is set to true)...
    2026-05-26 16:34:05,707 [INFO] -> Parsing nested ledger tab: 'Weapons'
  2026-05-26 16:34:05,761 [INFO] -> Processing 'aegis_endgame_spreadsheet_data_scraped.json' (Reason: wishlist_update_required is set to true)...
    2026-05-26 16:34:05,769 [INFO] -> Parsing nested ledger tab: 'Shopping List'
    2026-05-26 16:34:05,791 [INFO] -> Parsing nested ledger tab: 'Autos'
    2026-05-26 16:34:05,856 [INFO] -> Parsing nested ledger tab: 'Bows'
    2026-05-26 16:34:05,877 [INFO] -> Parsing nested ledger tab: 'HCs'
    2026-05-26 16:34:05,926 [INFO] -> Parsing nested ledger tab: 'Pulses'
    2026-05-26 16:34:05,997 [INFO] -> Parsing nested ledger tab: 'Scouts'
    2026-05-26 16:34:06,049 [INFO] -> Parsing nested ledger tab: 'Sidearms'
    2026-05-26 16:34:06,083 [INFO] -> Parsing nested ledger tab: 'SMGs'
    2026-05-26 16:34:06,139 [INFO] -> Parsing nested ledger tab: 'BGLs'
    2026-05-26 16:34:06,161 [INFO] -> Parsing nested ledger tab: 'Fusions'
    2026-05-26 16:34:06,201 [INFO] -> Parsing nested ledger tab: 'Glaives'
    2026-05-26 16:34:06,221 [INFO] -> Parsing nested ledger tab: 'Shotguns'
    2026-05-26 16:34:06,257 [INFO] -> Parsing nested ledger tab: 'Snipers'
    2026-05-26 16:34:06,293 [INFO] -> Parsing nested ledger tab: 'Rocket Sidearms'
    2026-05-26 16:34:06,305 [INFO] -> Parsing nested ledger tab: 'Traces'
    2026-05-26 16:34:06,319 [INFO] -> Parsing nested ledger tab: 'HGLs'
    2026-05-26 16:34:06,339 [INFO] -> Parsing nested ledger tab: 'LFRs'
    2026-05-26 16:34:06,354 [INFO] -> Parsing nested ledger tab: 'LMGs'
    2026-05-26 16:34:06,394 [INFO] -> Parsing nested ledger tab: 'Rockets'
    2026-05-26 16:34:06,417 [INFO] -> Parsing nested ledger tab: 'Swords'
    2026-05-26 16:34:06,447 [INFO] -> Parsing nested ledger tab: 'Other'
    2026-05-26 16:34:06,464 [INFO] -> Parsing nested ledger tab: 'Exotic Weapons'
    2026-05-26 16:34:06,492 [INFO] -> Parsing nested ledger tab: 'Exotic Armor (ignore)'
  2026-05-26 16:34:06,518 [INFO] -> Processing 'aegis_boss-damage_spreadsheet_data_scraped.json' (Reason: wishlist_update_required is set to true)...
    2026-05-26 16:34:06,520 [INFO] -> Parsing nested ledger tab: 'Equipment (WIP)'
2026-05-26 18:19:06,504 [INFO] -> ================================================================================
2026-05-26 18:19:06,504 [INFO] -> 🚀 Launching Isolated DIM Wishlist Text Generation Pipeline...
2026-05-26 18:19:06,504 [INFO] -> ================================================================================
2026-05-26 18:25:06,904 [INFO] -> ================================================================================
2026-05-26 18:25:06,904 [INFO] -> 🚀 Launching Isolated DIM Wishlist Text Generation Pipeline...
2026-05-26 18:25:06,904 [INFO] -> ================================================================================
  2026-05-26 18:25:06,942 [INFO] -> Processing 'aegis_speedrunner_spreadsheet_data_scraped.json' (Reason: wishlist_update_required is set to true)...
    2026-05-26 18:25:06,943 [INFO] -> Parsing nested ledger tab: 'Weapons'
  2026-05-26 18:25:06,994 [INFO] -> Processing 'aegis_endgame_spreadsheet_data_scraped.json' (Reason: wishlist_update_required is set to true)...
    2026-05-26 18:25:07,001 [INFO] -> Parsing nested ledger tab: 'Shopping List'
    2026-05-26 18:25:07,022 [INFO] -> Parsing nested ledger tab: 'Autos'
    2026-05-26 18:25:07,078 [INFO] -> Parsing nested ledger tab: 'Bows'
    2026-05-26 18:25:07,102 [INFO] -> Parsing nested ledger tab: 'HCs'
    2026-05-26 18:25:07,147 [INFO] -> Parsing nested ledger tab: 'Pulses'
    2026-05-26 18:25:07,205 [INFO] -> Parsing nested ledger tab: 'Scouts'
    2026-05-26 18:25:07,256 [INFO] -> Parsing nested ledger tab: 'Sidearms'
    2026-05-26 18:25:07,291 [INFO] -> Parsing nested ledger tab: 'SMGs'
    2026-05-26 18:25:07,339 [INFO] -> Parsing nested ledger tab: 'BGLs'
    2026-05-26 18:25:07,360 [INFO] -> Parsing nested ledger tab: 'Fusions'
    2026-05-26 18:25:07,400 [INFO] -> Parsing nested ledger tab: 'Glaives'
    2026-05-26 18:25:07,419 [INFO] -> Parsing nested ledger tab: 'Shotguns'
    2026-05-26 18:25:07,452 [INFO] -> Parsing nested ledger tab: 'Snipers'
    2026-05-26 18:25:07,478 [INFO] -> Parsing nested ledger tab: 'Rocket Sidearms'
    2026-05-26 18:25:07,490 [INFO] -> Parsing nested ledger tab: 'Traces'
    2026-05-26 18:25:07,503 [INFO] -> Parsing nested ledger tab: 'HGLs'
    2026-05-26 18:25:07,521 [INFO] -> Parsing nested ledger tab: 'LFRs'
    2026-05-26 18:25:07,536 [INFO] -> Parsing nested ledger tab: 'LMGs'
    2026-05-26 18:25:07,571 [INFO] -> Parsing nested ledger tab: 'Rockets'
    2026-05-26 18:25:07,592 [INFO] -> Parsing nested ledger tab: 'Swords'
    2026-05-26 18:25:07,623 [INFO] -> Parsing nested ledger tab: 'Other'
    2026-05-26 18:25:07,640 [INFO] -> Parsing nested ledger tab: 'Exotic Weapons'
    2026-05-26 18:25:07,665 [INFO] -> Parsing nested ledger tab: 'Exotic Armor (ignore)'
  2026-05-26 18:25:07,691 [INFO] -> Processing 'aegis_boss-damage_spreadsheet_data_scraped.json' (Reason: wishlist_update_required is set to true)...
    2026-05-26 18:25:07,692 [INFO] -> Parsing nested ledger tab: 'Equipment (WIP)'
2026-05-27 02:39:08,406 [INFO] -> ================================================================================
2026-05-27 02:39:08,406 [INFO] -> 🚀 Launching Isolated DIM Wishlist Text Generation Pipeline...
2026-05-27 02:39:08,406 [INFO] -> ================================================================================
2026-05-27 11:31:23,347 [INFO] -> ================================================================================
2026-05-27 11:31:23,347 [INFO] -> 🚀 Launching Isolated DIM Wishlist Text Generation Pipeline...
2026-05-27 11:31:23,347 [INFO] -> ================================================================================
2026-05-27 18:21:03,748 [INFO] -> ================================================================================
2026-05-27 18:21:03,748 [INFO] -> 🚀 Launching Isolated DIM Wishlist Text Generation Pipeline...
2026-05-27 18:21:03,748 [INFO] -> ================================================================================
2026-05-27 20:48:09,657 [INFO] -> ================================================================================
2026-05-27 20:48:09,658 [INFO] -> 🚀 Launching Isolated DIM Wishlist Text Generation Pipeline...
2026-05-27 20:48:09,658 [INFO] -> ================================================================================
2026-05-27 21:19:44,164 [INFO] -> ================================================================================
2026-05-27 21:19:44,165 [INFO] -> 🚀 Launching Isolated DIM Wishlist Text Generation Pipeline...
2026-05-27 21:19:44,165 [INFO] -> ================================================================================
2026-05-27 21:25:47,767 [INFO] -> ================================================================================
2026-05-27 21:25:47,767 [INFO] -> 🚀 Launching Isolated DIM Wishlist Text Generation Pipeline...
2026-05-27 21:25:47,767 [INFO] -> ================================================================================
