2026-08-13 09:05:19,934 [INFO] -> ================================================================================
2026-08-13 09:05:19,935 [INFO] -> 🚀 Launching Full Pipeline Execution...
2026-08-13 09:05:19,935 [INFO] -> ================================================================================
  2026-08-13 09:05:19,935 [INFO] -> ▶️  Starting stage: Version State Check
  2026-08-13 09:05:24,013 [INFO] -> ✅ Stage completed successfully: Version State Check
  2026-08-13 09:05:24,013 [INFO] -> ▶️  Starting stage: Bungie Manifest Download
  2026-08-13 09:05:24,164 [INFO] -> ✅ Stage completed successfully: Bungie Manifest Download
  2026-08-13 09:05:24,164 [INFO] -> ▶️  Starting stage: Boss Damage Scraper
  2026-08-13 09:05:24,313 [INFO] -> ✅ Stage completed successfully: Boss Damage Scraper
  2026-08-13 09:05:24,313 [INFO] -> ▶️  Starting stage: Speedrunner Scraper
  2026-08-13 09:05:24,387 [INFO] -> ✅ Stage completed successfully: Speedrunner Scraper
  2026-08-13 09:05:24,387 [INFO] -> ▶️  Starting stage: Endgame Scraper
  2026-08-13 09:05:24,769 [INFO] -> ✅ Stage completed successfully: Endgame Scraper
  2026-08-13 09:05:24,769 [INFO] -> ▶️  Starting stage: DIM Wishlist Converter
  2026-08-13 09:05:25,961 [INFO] -> ✅ Stage completed successfully: DIM Wishlist Converter
  2026-08-13 09:05:25,961 [INFO] -> ▶️  Starting stage: DIM Wishlist Splitter
  2026-08-13 09:05:35,965 [INFO] -> ✅ Stage completed successfully: DIM Wishlist Splitter
  2026-08-13 09:05:35,965 [INFO] -> ================================================================================
  2026-08-13 09:05:35,965 [INFO] -> 📊 Pipeline Execution Summary
  2026-08-13 09:05:35,966 [INFO] -> ================================================================================
  2026-08-13 09:05:35,966 [INFO] ->   Completed (7): Version State Check, Bungie Manifest Download, Boss Damage Scraper, Speedrunner Scraper, Endgame Scraper, DIM Wishlist Converter, DIM Wishlist Splitter
  2026-08-13 09:05:35,966 [INFO] ->   Failed: None
  2026-08-13 09:05:35,966 [INFO] -> ================================================================================
  2026-08-13 09:05:35,966 [INFO] -> 🎉 All pipeline stages completed successfully.
2026-08-13 16:46:27,411 [INFO] -> ================================================================================
2026-08-13 16:46:27,411 [INFO] -> 🚀 Launching Full Pipeline Execution...
2026-08-13 16:46:27,411 [INFO] -> ================================================================================
  2026-08-13 16:46:27,411 [INFO] -> ▶️  Starting stage: Version State Check
  2026-08-13 16:46:33,154 [INFO] -> ✅ Stage completed successfully: Version State Check
  2026-08-13 16:46:33,155 [INFO] -> ▶️  Starting stage: Bungie Manifest Download
  2026-08-13 16:46:33,300 [INFO] -> ✅ Stage completed successfully: Bungie Manifest Download
  2026-08-13 16:46:33,300 [INFO] -> ▶️  Starting stage: Boss Damage Scraper
  2026-08-13 16:46:33,375 [INFO] -> ✅ Stage completed successfully: Boss Damage Scraper
  2026-08-13 16:46:33,375 [INFO] -> ▶️  Starting stage: Speedrunner Scraper
  2026-08-13 16:46:33,445 [INFO] -> ✅ Stage completed successfully: Speedrunner Scraper
  2026-08-13 16:46:33,445 [INFO] -> ▶️  Starting stage: Endgame Scraper
  2026-08-13 16:46:33,518 [INFO] -> ✅ Stage completed successfully: Endgame Scraper
  2026-08-13 16:46:33,518 [INFO] -> ▶️  Starting stage: DIM Wishlist Converter
  2026-08-13 16:46:33,668 [INFO] -> ✅ Stage completed successfully: DIM Wishlist Converter
  2026-08-13 16:46:33,668 [INFO] -> ▶️  Starting stage: DIM Wishlist Splitter
  2026-08-13 16:46:33,766 [INFO] -> ✅ Stage completed successfully: DIM Wishlist Splitter
  2026-08-13 16:46:33,766 [INFO] -> ================================================================================
  2026-08-13 16:46:33,766 [INFO] -> 📊 Pipeline Execution Summary
  2026-08-13 16:46:33,766 [INFO] -> ================================================================================
  2026-08-13 16:46:33,766 [INFO] ->   Completed (7): Version State Check, Bungie Manifest Download, Boss Damage Scraper, Speedrunner Scraper, Endgame Scraper, DIM Wishlist Converter, DIM Wishlist Splitter
  2026-08-13 16:46:33,766 [INFO] ->   Failed: None
  2026-08-13 16:46:33,766 [INFO] -> ================================================================================
  2026-08-13 16:46:33,767 [INFO] -> 🎉 All pipeline stages completed successfully.
