2026-08-13 09:05:20,217 [INFO] -> ================================================================================
2026-08-13 09:05:20,218 [INFO] -> 🚀 Starting version check and synchronization loop...
2026-08-13 09:05:20,218 [INFO] -> ================================================================================
  2026-08-13 09:05:20,230 [INFO] -> Checking live Destiny 2 Manifest version from Bungie...
    2026-08-13 09:05:20,230 [INFO] -> Requesting live Bungie Manifest version (Attempt 1/3)...
    2026-08-13 09:05:20,396 [INFO] -> 🟩 Up to date: Bungie Manifest version matches local cache. No structural compilation changes needed.
  2026-08-13 09:05:20,396 [INFO] -> Processing spreadsheet engine resource target profile: 'aegis_boss-damage'
    2026-08-13 09:05:20,783 [INFO] -> 🚨 UPDATE DETECTED [GID 1268483240]: Content mutated for tracking tab row object 'Changelog' inside workbook profile 'aegis_boss-damage'.
    2026-08-13 09:05:20,784 [INFO] -> 💾 Delimited flat data text structure stream written safely down to disk layout target space: workbooks_downloaded/aegis_boss-damage_changelog.csv
    2026-08-13 09:05:20,807 [INFO] -> 🟩 UP TO DATE [GID 639621230]: Specifications data lines for sheet component 'Equipment (WIP)' match cache records perfectly.
  2026-08-13 09:05:20,808 [INFO] -> Processing spreadsheet engine resource target profile: 'aegis_speedrunner'
    2026-08-13 09:05:21,192 [INFO] -> 🟩 UP TO DATE [GID 0]: Specifications data lines for sheet component 'Weapons' match cache records perfectly.
  2026-08-13 09:05:21,193 [INFO] -> Processing spreadsheet engine resource target profile: 'aegis_endgame'
    2026-08-13 09:05:21,662 [INFO] -> 🚨 UPDATE DETECTED [GID 1062099834]: Content mutated for tracking tab row object 'Shopping List' inside workbook profile 'aegis_endgame'.
    2026-08-13 09:05:21,663 [INFO] -> 💾 Delimited flat data text structure stream written safely down to disk layout target space: workbooks_downloaded/aegis_endgame_shopping_list.csv
    2026-08-13 09:05:21,667 [INFO] -> 🚨 UPDATE DETECTED [GID 346832350]: Content mutated for tracking tab row object 'Status' inside workbook profile 'aegis_endgame'.
    2026-08-13 09:05:21,668 [INFO] -> 💾 Delimited flat data text structure stream written safely down to disk layout target space: workbooks_downloaded/aegis_endgame_status.csv
    2026-08-13 09:05:21,715 [INFO] -> 🟩 UP TO DATE [GID 1439671777]: Specifications data lines for sheet component 'Changelog' match cache records perfectly.
    2026-08-13 09:05:21,744 [INFO] -> 🟩 UP TO DATE [GID 1890042119]: Specifications data lines for sheet component 'Autos' match cache records perfectly.
    2026-08-13 09:05:22,071 [INFO] -> 🟩 UP TO DATE [GID 1315046624]: Specifications data lines for sheet component 'HCs' match cache records perfectly.
    2026-08-13 09:05:22,082 [INFO] -> 🟩 UP TO DATE [GID 324500912]: Specifications data lines for sheet component 'Bows' match cache records perfectly.
    2026-08-13 09:05:22,142 [INFO] -> 🟩 UP TO DATE [GID 946843299]: Specifications data lines for sheet component 'Scouts' match cache records perfectly.
    2026-08-13 09:05:22,156 [INFO] -> 🟩 UP TO DATE [GID 1712537582]: Specifications data lines for sheet component 'Pulses' match cache records perfectly.
    2026-08-13 09:05:22,518 [INFO] -> 🟩 UP TO DATE [GID 1594008157]: Specifications data lines for sheet component 'Sidearms' match cache records perfectly.
    2026-08-13 09:05:22,535 [INFO] -> 🟩 UP TO DATE [GID 1405969509]: Specifications data lines for sheet component 'SMGs' match cache records perfectly.
    2026-08-13 09:05:22,596 [INFO] -> 🟩 UP TO DATE [GID 1318165198]: Specifications data lines for sheet component 'Fusions' match cache records perfectly.
    2026-08-13 09:05:22,636 [INFO] -> 🟩 UP TO DATE [GID 657764751]: Specifications data lines for sheet component 'BGLs' match cache records perfectly.
    2026-08-13 09:05:22,918 [INFO] -> 🟩 UP TO DATE [GID 1239299765]: Specifications data lines for sheet component 'Glaives' match cache records perfectly.
    2026-08-13 09:05:22,939 [INFO] -> 🟩 UP TO DATE [GID 1595979957]: Specifications data lines for sheet component 'Shotguns' match cache records perfectly.
    2026-08-13 09:05:22,997 [INFO] -> 🟩 UP TO DATE [GID 1090554564]: Specifications data lines for sheet component 'Snipers' match cache records perfectly.
    2026-08-13 09:05:23,071 [INFO] -> 🟩 UP TO DATE [GID 550485113]: Specifications data lines for sheet component 'Rocket Sidearms' match cache records perfectly.
    2026-08-13 09:05:23,285 [INFO] -> 🟩 UP TO DATE [GID 288998351]: Specifications data lines for sheet component 'Traces' match cache records perfectly.
    2026-08-13 09:05:23,358 [INFO] -> 🟩 UP TO DATE [GID 439751986]: Specifications data lines for sheet component 'HGLs' match cache records perfectly.
    2026-08-13 09:05:23,432 [INFO] -> 🟩 UP TO DATE [GID 1919916707]: Specifications data lines for sheet component 'LMGs' match cache records perfectly.
    2026-08-13 09:05:23,440 [INFO] -> 🟩 UP TO DATE [GID 29008106]: Specifications data lines for sheet component 'LFRs' match cache records perfectly.
    2026-08-13 09:05:23,629 [INFO] -> 🟩 UP TO DATE [GID 981030684]: Specifications data lines for sheet component 'Rockets' match cache records perfectly.
    2026-08-13 09:05:23,707 [INFO] -> 🟩 UP TO DATE [GID 473850359]: Specifications data lines for sheet component 'Swords' match cache records perfectly.
    2026-08-13 09:05:23,821 [INFO] -> 🟩 UP TO DATE [GID 266663572]: Specifications data lines for sheet component 'Other' match cache records perfectly.
    2026-08-13 09:05:23,863 [INFO] -> 🟩 UP TO DATE [GID 1789798057]: Specifications data lines for sheet component 'Exotic Weapons' match cache records perfectly.
    2026-08-13 09:05:23,991 [INFO] -> 🟩 UP TO DATE [GID 1087089423]: Specifications data lines for sheet component 'Exotic Armor (ignore)' match cache records perfectly.
  2026-08-13 09:05:23,992 [INFO] -> ================================================================================
  2026-08-13 09:05:23,992 [INFO] -> Synchronization check complete. Pipeline gating flags successfully set.
