2026-05-26 14:44:14,483 [INFO] -> ==================================================
2026-05-26 14:44:14,484 [INFO] -> 🚀 Initializing Local Bungie Manifest Compiler...
2026-05-26 14:44:14,484 [INFO] -> ==================================================
  2026-05-26 14:44:14,484 [INFO] -> 🧹 Filter cache cleared. Size: 0
  2026-05-26 14:44:14,506 [INFO] -> Loading raw JSON definition maps into memory...
  2026-05-26 14:44:17,375 [INFO] -> Indexing perks and extracting item definitions in single pass...
  2026-05-26 14:44:17,375 [INFO] -> Pass 1: Indexing all perks...
  2026-05-26 14:44:17,396 [INFO] -> Indexed 8380 perks.
  2026-05-26 14:44:17,396 [INFO] -> Pass 2: Processing weapons and exotic armor...
  2026-05-26 14:44:18,301 [INFO] -> 🎉 Clean manifest successfully written to: bungie_manifest_data/bungie_manifest_processed.json
  2026-05-26 14:44:18,301 [INFO] -> Mapped 1291 weapons, 141 exotics.
  2026-05-26 14:44:18,302 [INFO] -> ✅ Manifest compile flag cleared from state.
2026-05-26 16:34:00,739 [INFO] -> ==================================================
2026-05-26 16:34:00,739 [INFO] -> 🚀 Initializing Local Bungie Manifest Compiler...
2026-05-26 16:34:00,739 [INFO] -> ==================================================
  2026-05-26 16:34:00,740 [INFO] -> 🧹 Filter cache cleared. Size: 0
  2026-05-26 16:34:00,762 [INFO] -> Loading raw JSON definition maps into memory...
  2026-05-26 16:34:03,919 [INFO] -> Indexing perks and extracting item definitions in single pass...
  2026-05-26 16:34:03,919 [INFO] -> Pass 1: Indexing all perks...
  2026-05-26 16:34:03,942 [INFO] -> Indexed 8380 perks.
  2026-05-26 16:34:03,942 [INFO] -> Pass 2: Processing weapons and exotic armor...
  2026-05-26 16:34:04,881 [INFO] -> 🎉 Clean manifest successfully written to: bungie_manifest_data/bungie_manifest_processed.json
  2026-05-26 16:34:04,881 [INFO] -> Mapped 1291 weapons, 141 exotics.
  2026-05-26 16:34:04,882 [INFO] -> ✅ Manifest compile flag cleared from state.
