2026-05-26 14:43:56,581 [INFO] -> ==================================================
2026-05-26 14:43:56,581 [INFO] -> 🚀 Initializing Destiny 2 Live Manifest Downloader...
2026-05-26 14:43:56,581 [INFO] -> ==================================================
  2026-05-26 14:43:56,604 [INFO] -> Querying Bungie metadata endpoint to extract raw asset components...
  2026-05-26 14:43:56,680 [WARNING] -> ⚠️ Bungie Metadata endpoint unresolved (Attempt 1/3). Retrying in 5s... Error: 500 Server Error: Internal Server Error for url: https://www.bungie.net/Platform/Destiny2/Manifest/
  2026-05-26 14:44:01,744 [INFO] -> 📥 Syncing component database payload: 'DestinyInventoryItemDefinition'...
  2026-05-26 14:44:13,452 [INFO] -> ✅ Successfully written component data: 'bungie_manifest_data/DestinyInventoryItemDefinition.json'
  2026-05-26 14:44:13,452 [INFO] -> 📥 Syncing component database payload: 'DestinyPlugSetDefinition'...
  2026-05-26 14:44:14,483 [INFO] -> ✅ Successfully written component data: 'bungie_manifest_data/DestinyPlugSetDefinition.json'
  2026-05-26 14:44:14,483 [INFO] -> 🎉 All requested Bungie asset databases extracted and synchronized successfully.
  2026-05-26 14:44:14,483 [INFO] -> 🔄 Automatically launching Manifest Compiler...
  2026-05-26 14:44:18,480 [INFO] -> Local configuration cache flags set to STABLE state.
2026-05-26 16:33:47,369 [INFO] -> ==================================================
2026-05-26 16:33:47,369 [INFO] -> 🚀 Initializing Destiny 2 Live Manifest Downloader...
2026-05-26 16:33:47,370 [INFO] -> ==================================================
  2026-05-26 16:33:47,393 [INFO] -> Querying Bungie metadata endpoint to extract raw asset components...
  2026-05-26 16:33:47,498 [INFO] -> 📥 Syncing component database payload: 'DestinyInventoryItemDefinition'...
  2026-05-26 16:33:59,596 [INFO] -> ✅ Successfully written component data: 'bungie_manifest_data/DestinyInventoryItemDefinition.json'
  2026-05-26 16:33:59,597 [INFO] -> 📥 Syncing component database payload: 'DestinyPlugSetDefinition'...
  2026-05-26 16:34:00,739 [INFO] -> ✅ Successfully written component data: 'bungie_manifest_data/DestinyPlugSetDefinition.json'
  2026-05-26 16:34:00,739 [INFO] -> 🎉 All requested Bungie asset databases extracted and synchronized successfully.
  2026-05-26 16:34:00,739 [INFO] -> 🔄 Automatically launching Manifest Compiler...
  2026-05-26 16:34:05,083 [INFO] -> Local configuration cache flags set to STABLE state.
2026-05-26 18:19:06,250 [INFO] -> ==================================================
2026-05-26 18:19:06,251 [INFO] -> 🚀 Initializing Destiny 2 Live Manifest Downloader...
2026-05-26 18:19:06,251 [INFO] -> ==================================================
  2026-05-26 18:19:06,251 [INFO] -> 🟩 Manifest state up to date. No fresh database download required. Exiting pipeline stage.
2026-05-26 18:24:49,569 [INFO] -> ==================================================
2026-05-26 18:24:49,569 [INFO] -> 🚀 Initializing Destiny 2 Live Manifest Downloader...
2026-05-26 18:24:49,570 [INFO] -> ==================================================
  2026-05-26 18:24:49,593 [INFO] -> Querying Bungie metadata endpoint to extract raw asset components...
  2026-05-26 18:24:49,744 [INFO] -> 📥 Syncing component database payload: 'DestinyInventoryItemDefinition'...
  2026-05-26 18:25:01,414 [INFO] -> ✅ Successfully written component data: 'bungie_manifest_data/DestinyInventoryItemDefinition.json'
  2026-05-26 18:25:01,414 [INFO] -> 📥 Syncing component database payload: 'DestinyPlugSetDefinition'...
  2026-05-26 18:25:02,472 [INFO] -> ✅ Successfully written component data: 'bungie_manifest_data/DestinyPlugSetDefinition.json'
  2026-05-26 18:25:02,472 [INFO] -> 🎉 All requested Bungie asset databases extracted and synchronized successfully.
  2026-05-26 18:25:02,472 [INFO] -> 🔄 Automatically launching Manifest Compiler...
  2026-05-26 18:25:06,356 [INFO] -> Local configuration cache flags set to STABLE state.
