2026-05-26 14:44:19,056 [INFO] -> ================================================================================
2026-05-26 14:44:19,056 [INFO] -> 🚀 Launching Isolated DIM Wishlist Text Generation Pipeline...
2026-05-26 14:44:19,056 [INFO] -> ================================================================================
  2026-05-26 14:44:19,103 [INFO] -> Processing 'aegis_speedrunner_spreadsheet_data_scraped.json' (Reason: wishlist_update_required is set to true)...
    2026-05-26 14:44:19,105 [INFO] -> Parsing nested ledger tab: 'Weapons'
  2026-05-26 14:44:19,155 [INFO] -> Processing 'aegis_endgame_spreadsheet_data_scraped.json' (Reason: wishlist_update_required is set to true)...
    2026-05-26 14:44:19,168 [INFO] -> Parsing nested ledger tab: 'Shopping List'
    2026-05-26 14:44:19,193 [INFO] -> Parsing nested ledger tab: 'Autos'
    2026-05-26 14:44:19,251 [INFO] -> Parsing nested ledger tab: 'Bows'
    2026-05-26 14:44:19,271 [INFO] -> Parsing nested ledger tab: 'HCs'
    2026-05-26 14:44:19,322 [INFO] -> Parsing nested ledger tab: 'Pulses'
    2026-05-26 14:44:19,373 [INFO] -> Parsing nested ledger tab: 'Scouts'
    2026-05-26 14:44:19,423 [INFO] -> Parsing nested ledger tab: 'Sidearms'
    2026-05-26 14:44:19,469 [INFO] -> Parsing nested ledger tab: 'SMGs'
    2026-05-26 14:44:19,520 [INFO] -> Parsing nested ledger tab: 'BGLs'
    2026-05-26 14:44:19,542 [INFO] -> Parsing nested ledger tab: 'Fusions'
    2026-05-26 14:44:19,581 [INFO] -> Parsing nested ledger tab: 'Glaives'
    2026-05-26 14:44:19,601 [INFO] -> Parsing nested ledger tab: 'Shotguns'
    2026-05-26 14:44:19,633 [INFO] -> Parsing nested ledger tab: 'Snipers'
    2026-05-26 14:44:19,660 [INFO] -> Parsing nested ledger tab: 'Rocket Sidearms'
    2026-05-26 14:44:19,672 [INFO] -> Parsing nested ledger tab: 'Traces'
    2026-05-26 14:44:19,685 [INFO] -> Parsing nested ledger tab: 'HGLs'
    2026-05-26 14:44:19,704 [INFO] -> Parsing nested ledger tab: 'LFRs'
    2026-05-26 14:44:19,718 [INFO] -> Parsing nested ledger tab: 'LMGs'
    2026-05-26 14:44:19,751 [INFO] -> Parsing nested ledger tab: 'Rockets'
    2026-05-26 14:44:19,773 [INFO] -> Parsing nested ledger tab: 'Swords'
    2026-05-26 14:44:19,802 [INFO] -> Parsing nested ledger tab: 'Other'
    2026-05-26 14:44:19,816 [INFO] -> Parsing nested ledger tab: 'Exotic Weapons'
    2026-05-26 14:44:19,840 [INFO] -> Parsing nested ledger tab: 'Exotic Armor (ignore)'
  2026-05-26 14:44:19,866 [INFO] -> Processing 'aegis_boss-damage_spreadsheet_data_scraped.json' (Reason: wishlist_update_required is set to true)...
    2026-05-26 14:44:19,868 [INFO] -> Parsing nested ledger tab: 'Equipment (WIP)'
