2026-05-26 14:43:51,325 [INFO] -> ================================================================================
2026-05-26 14:43:51,325 [INFO] -> 🚀 Launching Full Pipeline Execution...
2026-05-26 14:43:51,325 [INFO] -> ================================================================================
  2026-05-26 14:43:51,325 [INFO] -> ▶️  Starting stage: Version State Check
  2026-05-26 14:43:56,446 [INFO] -> ✅ Stage completed successfully: Version State Check
  2026-05-26 14:43:56,446 [INFO] -> ▶️  Starting stage: Bungie Manifest Download
  2026-05-26 14:44:18,534 [INFO] -> ✅ Stage completed successfully: Bungie Manifest Download
  2026-05-26 14:44:18,534 [INFO] -> ▶️  Starting stage: Boss Damage Scraper
  2026-05-26 14:44:18,610 [INFO] -> ✅ Stage completed successfully: Boss Damage Scraper
  2026-05-26 14:44:18,610 [INFO] -> ▶️  Starting stage: Speedrunner Scraper
  2026-05-26 14:44:18,685 [INFO] -> ✅ Stage completed successfully: Speedrunner Scraper
  2026-05-26 14:44:18,685 [INFO] -> ▶️  Starting stage: Endgame Scraper
  2026-05-26 14:44:18,976 [INFO] -> ✅ Stage completed successfully: Endgame Scraper
  2026-05-26 14:44:18,976 [INFO] -> ▶️  Starting stage: DIM Wishlist Converter
  2026-05-26 14:44:19,918 [INFO] -> ✅ Stage completed successfully: DIM Wishlist Converter
  2026-05-26 14:44:19,918 [INFO] -> ================================================================================
  2026-05-26 14:44:19,918 [INFO] -> 📊 Pipeline Execution Summary
  2026-05-26 14:44:19,918 [INFO] -> ================================================================================
  2026-05-26 14:44:19,918 [INFO] ->   Completed (6): Version State Check, Bungie Manifest Download, Boss Damage Scraper, Speedrunner Scraper, Endgame Scraper, DIM Wishlist Converter
  2026-05-26 14:44:19,919 [INFO] ->   Failed: None
  2026-05-26 14:44:19,919 [INFO] -> ================================================================================
  2026-05-26 14:44:19,919 [INFO] -> 🎉 All pipeline stages completed successfully.
2026-05-26 16:33:42,023 [INFO] -> ================================================================================
2026-05-26 16:33:42,023 [INFO] -> 🚀 Launching Full Pipeline Execution...
2026-05-26 16:33:42,023 [INFO] -> ================================================================================
  2026-05-26 16:33:42,023 [INFO] -> ▶️  Starting stage: Version State Check
  2026-05-26 16:33:47,227 [INFO] -> ✅ Stage completed successfully: Version State Check
  2026-05-26 16:33:47,227 [INFO] -> ▶️  Starting stage: Bungie Manifest Download
  2026-05-26 16:34:05,141 [INFO] -> ✅ Stage completed successfully: Bungie Manifest Download
  2026-05-26 16:34:05,142 [INFO] -> ▶️  Starting stage: Boss Damage Scraper
  2026-05-26 16:34:05,220 [INFO] -> ✅ Stage completed successfully: Boss Damage Scraper
  2026-05-26 16:34:05,221 [INFO] -> ▶️  Starting stage: Speedrunner Scraper
  2026-05-26 16:34:05,298 [INFO] -> ✅ Stage completed successfully: Speedrunner Scraper
  2026-05-26 16:34:05,298 [INFO] -> ▶️  Starting stage: Endgame Scraper
  2026-05-26 16:34:05,593 [INFO] -> ✅ Stage completed successfully: Endgame Scraper
  2026-05-26 16:34:05,593 [INFO] -> ▶️  Starting stage: DIM Wishlist Converter
  2026-05-26 16:34:06,573 [INFO] -> ✅ Stage completed successfully: DIM Wishlist Converter
  2026-05-26 16:34:06,574 [INFO] -> ================================================================================
  2026-05-26 16:34:06,574 [INFO] -> 📊 Pipeline Execution Summary
  2026-05-26 16:34:06,574 [INFO] -> ================================================================================
  2026-05-26 16:34:06,574 [INFO] ->   Completed (6): Version State Check, Bungie Manifest Download, Boss Damage Scraper, Speedrunner Scraper, Endgame Scraper, DIM Wishlist Converter
  2026-05-26 16:34:06,574 [INFO] ->   Failed: None
  2026-05-26 16:34:06,574 [INFO] -> ================================================================================
  2026-05-26 16:34:06,575 [INFO] -> 🎉 All pipeline stages completed successfully.
2026-05-26 18:19:00,852 [INFO] -> ================================================================================
2026-05-26 18:19:00,853 [INFO] -> 🚀 Launching Full Pipeline Execution...
2026-05-26 18:19:00,853 [INFO] -> ================================================================================
  2026-05-26 18:19:00,853 [INFO] -> ▶️  Starting stage: Version State Check
  2026-05-26 18:19:06,133 [INFO] -> ✅ Stage completed successfully: Version State Check
  2026-05-26 18:19:06,133 [INFO] -> ▶️  Starting stage: Bungie Manifest Download
  2026-05-26 18:19:06,270 [INFO] -> ✅ Stage completed successfully: Bungie Manifest Download
  2026-05-26 18:19:06,270 [INFO] -> ▶️  Starting stage: Boss Damage Scraper
  2026-05-26 18:19:06,329 [INFO] -> ✅ Stage completed successfully: Boss Damage Scraper
  2026-05-26 18:19:06,329 [INFO] -> ▶️  Starting stage: Speedrunner Scraper
  2026-05-26 18:19:06,385 [INFO] -> ✅ Stage completed successfully: Speedrunner Scraper
  2026-05-26 18:19:06,385 [INFO] -> ▶️  Starting stage: Endgame Scraper
  2026-05-26 18:19:06,442 [INFO] -> ✅ Stage completed successfully: Endgame Scraper
  2026-05-26 18:19:06,442 [INFO] -> ▶️  Starting stage: DIM Wishlist Converter
  2026-05-26 18:19:06,562 [INFO] -> ✅ Stage completed successfully: DIM Wishlist Converter
  2026-05-26 18:19:06,562 [INFO] -> ================================================================================
  2026-05-26 18:19:06,562 [INFO] -> 📊 Pipeline Execution Summary
  2026-05-26 18:19:06,562 [INFO] -> ================================================================================
  2026-05-26 18:19:06,562 [INFO] ->   Completed (6): Version State Check, Bungie Manifest Download, Boss Damage Scraper, Speedrunner Scraper, Endgame Scraper, DIM Wishlist Converter
  2026-05-26 18:19:06,562 [INFO] ->   Failed: None
  2026-05-26 18:19:06,562 [INFO] -> ================================================================================
  2026-05-26 18:19:06,563 [INFO] -> 🎉 All pipeline stages completed successfully.
2026-05-26 18:24:44,517 [INFO] -> ================================================================================
2026-05-26 18:24:44,517 [INFO] -> 🚀 Launching Full Pipeline Execution...
2026-05-26 18:24:44,517 [INFO] -> ================================================================================
  2026-05-26 18:24:44,517 [INFO] -> ▶️  Starting stage: Version State Check
  2026-05-26 18:24:49,434 [INFO] -> ✅ Stage completed successfully: Version State Check
  2026-05-26 18:24:49,434 [INFO] -> ▶️  Starting stage: Bungie Manifest Download
  2026-05-26 18:25:06,406 [INFO] -> ✅ Stage completed successfully: Bungie Manifest Download
  2026-05-26 18:25:06,406 [INFO] -> ▶️  Starting stage: Boss Damage Scraper
  2026-05-26 18:25:06,483 [INFO] -> ✅ Stage completed successfully: Boss Damage Scraper
  2026-05-26 18:25:06,483 [INFO] -> ▶️  Starting stage: Speedrunner Scraper
  2026-05-26 18:25:06,556 [INFO] -> ✅ Stage completed successfully: Speedrunner Scraper
  2026-05-26 18:25:06,556 [INFO] -> ▶️  Starting stage: Endgame Scraper
  2026-05-26 18:25:06,832 [INFO] -> ✅ Stage completed successfully: Endgame Scraper
  2026-05-26 18:25:06,833 [INFO] -> ▶️  Starting stage: DIM Wishlist Converter
  2026-05-26 18:25:07,740 [INFO] -> ✅ Stage completed successfully: DIM Wishlist Converter
  2026-05-26 18:25:07,740 [INFO] -> ================================================================================
  2026-05-26 18:25:07,740 [INFO] -> 📊 Pipeline Execution Summary
  2026-05-26 18:25:07,740 [INFO] -> ================================================================================
  2026-05-26 18:25:07,740 [INFO] ->   Completed (6): Version State Check, Bungie Manifest Download, Boss Damage Scraper, Speedrunner Scraper, Endgame Scraper, DIM Wishlist Converter
  2026-05-26 18:25:07,740 [INFO] ->   Failed: None
  2026-05-26 18:25:07,741 [INFO] -> ================================================================================
  2026-05-26 18:25:07,741 [INFO] -> 🎉 All pipeline stages completed successfully.
