2026-05-26 14:43:51,624 [INFO] -> ==================================================
2026-05-26 14:43:51,624 [INFO] -> 🚀 Starting version check and synchronization loop...
2026-05-26 14:43:51,624 [INFO] -> ==================================================
  2026-05-26 14:43:51,635 [INFO] -> Checking live Destiny 2 Manifest version from Bungie...
    2026-05-26 14:43:51,635 [INFO] -> Requesting live Bungie Manifest version (Attempt 1/3)...
    2026-05-26 14:43:51,757 [INFO] -> 🚨 UPDATE DETECTED: Bungie Manifest changed from 'None' to '243523.26.04.28.2000-3-bnet.64859'
    2026-05-26 14:43:51,758 [INFO] -> 🔄 Global wishlist rebuild flag set: all DIM wishlists will be regenerated after manifest compile.
  2026-05-26 14:43:51,758 [INFO] -> Processing spreadsheet engine resource target profile: 'aegis_boss-damage'
    2026-05-26 14:43:52,239 [INFO] -> 🚨 UPDATE DETECTED [GID 1268483240]: Content mutated for tracking tab row object 'Changelog' inside workbook profile 'aegis_boss-damage'.
    2026-05-26 14:43:52,240 [INFO] -> 💾 Delimited flat data text structure stream written safely down to disk layout target space: workbooks_downloaded/aegis_boss-damage_changelog.csv
    2026-05-26 14:43:52,277 [INFO] -> 🚨 UPDATE DETECTED [GID 639621230]: Content mutated for tracking tab row object 'Equipment (WIP)' inside workbook profile 'aegis_boss-damage'.
    2026-05-26 14:43:52,277 [INFO] -> 💾 Delimited flat data text structure stream written safely down to disk layout target space: workbooks_downloaded/aegis_boss-damage_equipment_(wip).csv
  2026-05-26 14:43:52,278 [INFO] -> Processing spreadsheet engine resource target profile: 'aegis_speedrunner'
    2026-05-26 14:43:53,083 [INFO] -> 🚨 UPDATE DETECTED [GID 0]: Content mutated for tracking tab row object 'Weapons' inside workbook profile 'aegis_speedrunner'.
    2026-05-26 14:43:53,085 [INFO] -> 💾 Delimited flat data text structure stream written safely down to disk layout target space: workbooks_downloaded/aegis_speedrunner_weapons.csv
  2026-05-26 14:43:53,085 [INFO] -> Processing spreadsheet engine resource target profile: 'aegis_endgame'
    2026-05-26 14:43:53,564 [INFO] -> 🚨 UPDATE DETECTED [GID 1439671777]: Content mutated for tracking tab row object 'Changelog' inside workbook profile 'aegis_endgame'.
    2026-05-26 14:43:53,565 [INFO] -> 💾 Delimited flat data text structure stream written safely down to disk layout target space: workbooks_downloaded/aegis_endgame_changelog.csv
    2026-05-26 14:43:53,568 [INFO] -> 🚨 UPDATE DETECTED [GID 346832350]: Content mutated for tracking tab row object 'Status' inside workbook profile 'aegis_endgame'.
    2026-05-26 14:43:53,569 [INFO] -> 💾 Delimited flat data text structure stream written safely down to disk layout target space: workbooks_downloaded/aegis_endgame_status.csv
    2026-05-26 14:43:53,577 [INFO] -> 🚨 UPDATE DETECTED [GID 1890042119]: Content mutated for tracking tab row object 'Autos' inside workbook profile 'aegis_endgame'.
    2026-05-26 14:43:53,578 [INFO] -> 💾 Delimited flat data text structure stream written safely down to disk layout target space: workbooks_downloaded/aegis_endgame_autos.csv
    2026-05-26 14:43:53,605 [INFO] -> 🚨 UPDATE DETECTED [GID 1062099834]: Content mutated for tracking tab row object 'Shopping List' inside workbook profile 'aegis_endgame'.
    2026-05-26 14:43:53,606 [INFO] -> 💾 Delimited flat data text structure stream written safely down to disk layout target space: workbooks_downloaded/aegis_endgame_shopping_list.csv
    2026-05-26 14:43:53,974 [INFO] -> 🚨 UPDATE DETECTED [GID 1315046624]: Content mutated for tracking tab row object 'HCs' inside workbook profile 'aegis_endgame'.
    2026-05-26 14:43:53,975 [INFO] -> 💾 Delimited flat data text structure stream written safely down to disk layout target space: workbooks_downloaded/aegis_endgame_hcs.csv
    2026-05-26 14:43:53,994 [INFO] -> 🚨 UPDATE DETECTED [GID 324500912]: Content mutated for tracking tab row object 'Bows' inside workbook profile 'aegis_endgame'.
    2026-05-26 14:43:53,995 [INFO] -> 💾 Delimited flat data text structure stream written safely down to disk layout target space: workbooks_downloaded/aegis_endgame_bows.csv
    2026-05-26 14:43:54,040 [INFO] -> 🚨 UPDATE DETECTED [GID 946843299]: Content mutated for tracking tab row object 'Scouts' inside workbook profile 'aegis_endgame'.
    2026-05-26 14:43:54,041 [INFO] -> 💾 Delimited flat data text structure stream written safely down to disk layout target space: workbooks_downloaded/aegis_endgame_scouts.csv
    2026-05-26 14:43:54,046 [INFO] -> 🚨 UPDATE DETECTED [GID 1712537582]: Content mutated for tracking tab row object 'Pulses' inside workbook profile 'aegis_endgame'.
    2026-05-26 14:43:54,047 [INFO] -> 💾 Delimited flat data text structure stream written safely down to disk layout target space: workbooks_downloaded/aegis_endgame_pulses.csv
    2026-05-26 14:43:54,374 [INFO] -> 🚨 UPDATE DETECTED [GID 1405969509]: Content mutated for tracking tab row object 'SMGs' inside workbook profile 'aegis_endgame'.
    2026-05-26 14:43:54,375 [INFO] -> 💾 Delimited flat data text structure stream written safely down to disk layout target space: workbooks_downloaded/aegis_endgame_smgs.csv
    2026-05-26 14:43:54,382 [INFO] -> 🚨 UPDATE DETECTED [GID 1594008157]: Content mutated for tracking tab row object 'Sidearms' inside workbook profile 'aegis_endgame'.
    2026-05-26 14:43:54,383 [INFO] -> 💾 Delimited flat data text structure stream written safely down to disk layout target space: workbooks_downloaded/aegis_endgame_sidearms.csv
    2026-05-26 14:43:54,459 [INFO] -> 🚨 UPDATE DETECTED [GID 1318165198]: Content mutated for tracking tab row object 'Fusions' inside workbook profile 'aegis_endgame'.
    2026-05-26 14:43:54,460 [INFO] -> 💾 Delimited flat data text structure stream written safely down to disk layout target space: workbooks_downloaded/aegis_endgame_fusions.csv
    2026-05-26 14:43:54,463 [INFO] -> 🚨 UPDATE DETECTED [GID 657764751]: Content mutated for tracking tab row object 'BGLs' inside workbook profile 'aegis_endgame'.
    2026-05-26 14:43:54,466 [INFO] -> 💾 Delimited flat data text structure stream written safely down to disk layout target space: workbooks_downloaded/aegis_endgame_bgls.csv
    2026-05-26 14:43:54,817 [INFO] -> 🚨 UPDATE DETECTED [GID 1239299765]: Content mutated for tracking tab row object 'Glaives' inside workbook profile 'aegis_endgame'.
    2026-05-26 14:43:54,818 [INFO] -> 💾 Delimited flat data text structure stream written safely down to disk layout target space: workbooks_downloaded/aegis_endgame_glaives.csv
    2026-05-26 14:43:54,822 [INFO] -> 🚨 UPDATE DETECTED [GID 1595979957]: Content mutated for tracking tab row object 'Shotguns' inside workbook profile 'aegis_endgame'.
    2026-05-26 14:43:54,823 [INFO] -> 💾 Delimited flat data text structure stream written safely down to disk layout target space: workbooks_downloaded/aegis_endgame_shotguns.csv
    2026-05-26 14:43:54,887 [INFO] -> 🚨 UPDATE DETECTED [GID 550485113]: Content mutated for tracking tab row object 'Rocket Sidearms' inside workbook profile 'aegis_endgame'.
    2026-05-26 14:43:54,888 [INFO] -> 💾 Delimited flat data text structure stream written safely down to disk layout target space: workbooks_downloaded/aegis_endgame_rocket_sidearms.csv
    2026-05-26 14:43:54,925 [INFO] -> 🚨 UPDATE DETECTED [GID 1090554564]: Content mutated for tracking tab row object 'Snipers' inside workbook profile 'aegis_endgame'.
    2026-05-26 14:43:54,926 [INFO] -> 💾 Delimited flat data text structure stream written safely down to disk layout target space: workbooks_downloaded/aegis_endgame_snipers.csv
    2026-05-26 14:43:55,256 [INFO] -> 🚨 UPDATE DETECTED [GID 439751986]: Content mutated for tracking tab row object 'HGLs' inside workbook profile 'aegis_endgame'.
    2026-05-26 14:43:55,259 [INFO] -> 🚨 UPDATE DETECTED [GID 288998351]: Content mutated for tracking tab row object 'Traces' inside workbook profile 'aegis_endgame'.
    2026-05-26 14:43:55,259 [INFO] -> 💾 Delimited flat data text structure stream written safely down to disk layout target space: workbooks_downloaded/aegis_endgame_hgls.csv
    2026-05-26 14:43:55,260 [INFO] -> 💾 Delimited flat data text structure stream written safely down to disk layout target space: workbooks_downloaded/aegis_endgame_traces.csv
    2026-05-26 14:43:55,278 [INFO] -> 🚨 UPDATE DETECTED [GID 29008106]: Content mutated for tracking tab row object 'LFRs' inside workbook profile 'aegis_endgame'.
    2026-05-26 14:43:55,279 [INFO] -> 💾 Delimited flat data text structure stream written safely down to disk layout target space: workbooks_downloaded/aegis_endgame_lfrs.csv
    2026-05-26 14:43:55,362 [INFO] -> 🚨 UPDATE DETECTED [GID 1919916707]: Content mutated for tracking tab row object 'LMGs' inside workbook profile 'aegis_endgame'.
    2026-05-26 14:43:55,362 [INFO] -> 💾 Delimited flat data text structure stream written safely down to disk layout target space: workbooks_downloaded/aegis_endgame_lmgs.csv
    2026-05-26 14:43:55,700 [INFO] -> 🚨 UPDATE DETECTED [GID 473850359]: Content mutated for tracking tab row object 'Swords' inside workbook profile 'aegis_endgame'.
    2026-05-26 14:43:55,701 [INFO] -> 💾 Delimited flat data text structure stream written safely down to disk layout target space: workbooks_downloaded/aegis_endgame_swords.csv
    2026-05-26 14:43:55,706 [INFO] -> 🚨 UPDATE DETECTED [GID 266663572]: Content mutated for tracking tab row object 'Other' inside workbook profile 'aegis_endgame'.
    2026-05-26 14:43:55,708 [INFO] -> 💾 Delimited flat data text structure stream written safely down to disk layout target space: workbooks_downloaded/aegis_endgame_other.csv
    2026-05-26 14:43:55,746 [INFO] -> 🚨 UPDATE DETECTED [GID 981030684]: Content mutated for tracking tab row object 'Rockets' inside workbook profile 'aegis_endgame'.
    2026-05-26 14:43:55,747 [INFO] -> 💾 Delimited flat data text structure stream written safely down to disk layout target space: workbooks_downloaded/aegis_endgame_rockets.csv
    2026-05-26 14:43:55,815 [INFO] -> 🚨 UPDATE DETECTED [GID 1789798057]: Content mutated for tracking tab row object 'Exotic Weapons' inside workbook profile 'aegis_endgame'.
    2026-05-26 14:43:55,815 [INFO] -> 🔄 Component designated as Excel layout. Triggering dual format binary fetch for XLSX execution block...
    2026-05-26 14:43:56,105 [INFO] -> 🚨 UPDATE DETECTED [GID 1087089423]: Content mutated for tracking tab row object 'Exotic Armor (ignore)' inside workbook profile 'aegis_endgame'.
    2026-05-26 14:43:56,106 [INFO] -> 💾 Delimited flat data text structure stream written safely down to disk layout target space: workbooks_downloaded/aegis_endgame_exotic_armor_(ignore).csv
    2026-05-26 14:43:56,423 [INFO] -> 💾 Excel sheet payload written safely down to disk layout target space: workbooks_downloaded/aegis_endgame_exotic_weapons.xlsx
  2026-05-26 14:43:56,424 [INFO] -> ==================================================
  2026-05-26 14:43:56,424 [INFO] -> Synchronization check complete. Pipeline gating flags successfully set.
